[dotenv@17.2.3] injecting env (3) from .env -- tip: ≡ƒöÉ encrypt with Dotenvx: https://dotenvx.com
MongoDB Connected
Testing category mapping for Assessment Type: General Wellness (699c9a9aca226904bf52dd67)
Score: 10.000 -> Category: Low
Score: 24.990 -> Category: Low
Score: 24.995 -> Category: Mild
Score: 25.000 -> Category: Mild
Score: 40.000 -> Category: Mild
Score: 49.990 -> Category: Mild
Score: 49.999 -> Category: Moderate
Score: 50.000 -> Category: Moderate
Score: 74.990 -> Category: Moderate
Score: 75.000 -> Category: High
Score: 90.000 -> Category: High
